https://en.wikipedia.org/wiki/Heikki_Hedman
https://en.wikipedia.org/wiki/Neil_Stevens
https://en.wikipedia.org/wiki/Eleanor_Munro
https://en.wikipedia.org/wiki/Donald_Baechler
https://en.wikipedia.org/wiki/Friedrich-Wilhelm_Kiel
https://en.wikipedia.org/wiki/Michael_Neidorff
https://en.wikipedia.org/wiki/BM_Nazrul_Islam
https://en.wikipedia.org/wiki/Fujiko_Fujio
https://en.wikipedia.org/wiki/John_Arguelles
https://en.wikipedia.org/wiki/Brian_Winston
https://en.wikipedia.org/wiki/Liza_Picard
https://en.wikipedia.org/wiki/James_Jupp
https://en.wikipedia.org/wiki/Henry_S._Valk
https://en.wikipedia.org/wiki/Laura_Harris_Hales
https://en.wikipedia.org/wiki/Kantoku_Teruya
https://en.wikipedia.org/wiki/Bill_Nation
https://en.wikipedia.org/wiki/Nawal_Kishore_Rai
https://en.wikipedia.org/wiki/Elenore_Freedman
https://en.wikipedia.org/wiki/Thein_Tun_(businessman)
https://en.wikipedia.org/wiki/Jerry_Doucette
https://en.wikipedia.org/wiki/Bob_Latz
https://en.wikipedia.org/wiki/Ardina_Moore
https://en.wikipedia.org/wiki/T._Rama_Rao
https://en.wikipedia.org/wiki/Justin_Green_(cartoonist)
https://en.wikipedia.org/wiki/Adrian_Long
https://en.wikipedia.org/wiki/Frances_Cherry
https://en.wikipedia.org/wiki/Richie_Moran_(lacrosse)
https://en.wikipedia.org/wiki/Robert_Archambeau
https://en.wikipedia.org/wiki/Bob_LaRose
https://en.wikipedia.org/wiki/LeRoy_Armstrong
https://en.wikipedia.org/wiki/Tom_Cunningham_(hurler)
https://en.wikipedia.org/wiki/Robert_Goolrick
https://en.wikipedia.org/wiki/Georgia_Benkart
https://en.wikipedia.org/wiki/Allister_Adel
https://en.wikipedia.org/wiki/Shirley_Nelson
https://en.wikipedia.org/wiki/Shah_Jikrul_Ahmad
https://en.wikipedia.org/wiki/Joaquin_C._Arriola
https://en.wikipedia.org/wiki/Fisseha_Desta
https://en.wikipedia.org/wiki/Karl_Bruggmann
https://en.wikipedia.org/wiki/Harerangi_Meihana
https://en.wikipedia.org/wiki/Jim_Asato
https://en.wikipedia.org/wiki/Ramesh_Latke
https://en.wikipedia.org/wiki/Suzi_Gablik
https://en.wikipedia.org/wiki/Barbara_Gloudon
https://en.wikipedia.org/wiki/Ricky_Gardiner
https://en.wikipedia.org/wiki/John_W._Huffman
https://en.wikipedia.org/wiki/Anne_Howells
https://en.wikipedia.org/wiki/Joseph_F._Hoffman
https://en.wikipedia.org/wiki/Hyon_Chol-hae
https://en.wikipedia.org/wiki/John_Ralston_Marr
https://en.wikipedia.org/wiki/Colin_Cantwell
https://en.wikipedia.org/wiki/John_Clarke_(sailor)
https://en.wikipedia.org/wiki/Zaw_Htay
https://en.wikipedia.org/wiki/Peter_Lamborn_Wilson
https://en.wikipedia.org/wiki/Maurizio_Silvi
https://en.wikipedia.org/wiki/Steven_Seifert
https://en.wikipedia.org/wiki/Dick_Conway_(rugby_union)
https://en.wikipedia.org/wiki/Fayez_Sarofim
https://en.wikipedia.org/wiki/Kasia_Al_Thani
https://en.wikipedia.org/wiki/Ahn_Byong-man
https://en.wikipedia.org/wiki/Sean_Thackrey
https://en.wikipedia.org/wiki/Charles_L._Peterson
https://en.wikipedia.org/wiki/Prayar_Gopalakrishnan
https://en.wikipedia.org/wiki/Brian_Matthews_(writer)
https://en.wikipedia.org/wiki/Sherry_Huber
https://en.wikipedia.org/wiki/Edward_C._Oliver
https://en.wikipedia.org/wiki/Robert_Laurie_(rugby_league)
https://en.wikipedia.org/wiki/Shelby_G._Tilford
https://en.wikipedia.org/wiki/Pravin_Varaiya
https://en.wikipedia.org/wiki/Janet_De_Gore
https://en.wikipedia.org/wiki/Frederick_Cuming
https://en.wikipedia.org/wiki/Donald_Singer
https://en.wikipedia.org/wiki/Martha_Levisman
https://en.wikipedia.org/wiki/Jay_Hopler
https://en.wikipedia.org/wiki/Bearcat_Murray
https://en.wikipedia.org/wiki/Malcolm_Skilbeck
https://en.wikipedia.org/wiki/Clair_Branch
https://en.wikipedia.org/wiki/J._H._A._Lokin
https://en.wikipedia.org/wiki/Harvey_Dinnerstein
https://en.wikipedia.org/wiki/Polycarpose_Zacharias
https://en.wikipedia.org/wiki/Francis_Tulloch
https://en.wikipedia.org/wiki/V._Krishnamurthy
https://en.wikipedia.org/wiki/Bruce_R._Katz
https://en.wikipedia.org/wiki/Bob_Brown_(Canadian_football)
https://en.wikipedia.org/wiki/Frederick_S._Pardee
https://en.wikipedia.org/wiki/Nick_Nemeroff
https://en.wikipedia.org/wiki/Muriel_Phillips
https://en.wikipedia.org/wiki/Islay_Conolly
https://en.wikipedia.org/wiki/Bailey_Doogan
https://en.wikipedia.org/wiki/Ryan_Leone
https://en.wikipedia.org/wiki/Barry_Ronge
https://en.wikipedia.org/wiki/Anne_Neville_(engineer)
https://en.wikipedia.org/wiki/R._C._Harvey
https://en.wikipedia.org/wiki/Shambu_Tamang
https://en.wikipedia.org/wiki/Robin_Dalton
https://en.wikipedia.org/wiki/Michael_Edward_John_Gore
https://en.wikipedia.org/wiki/Pat_Courtney_Gold
https://en.wikipedia.org/wiki/Philip_Lieberman
https://en.wikipedia.org/wiki/Shelby_D._Hunt
https://en.wikipedia.org/wiki/Chris_Stuart
https://en.wikipedia.org/wiki/Warren_Kitzmiller
https://en.wikipedia.org/wiki/Kazi_Ebadul_Haque
https://en.wikipedia.org/wiki/Howard_N._Watson
https://en.wikipedia.org/wiki/Pearl_Duncan
https://en.wikipedia.org/wiki/Michael_Henderson
https://en.wikipedia.org/wiki/Alan_Grant_(writer)
https://en.wikipedia.org/wiki/Phil_Jackson_(rugby_league,_born_1932)
https://en.wikipedia.org/wiki/Leon_E._Rosenberg
https://en.wikipedia.org/wiki/Paul_Coker
https://en.wikipedia.org/wiki/Nguyễn_Xuân_Vinh
https://en.wikipedia.org/wiki/Tim_Giago
https://en.wikipedia.org/wiki/Sandy_Roberton
https://en.wikipedia.org/wiki/Clive_Coates
https://en.wikipedia.org/wiki/Paul_Garon
https://en.wikipedia.org/wiki/Alfred_Moses_(politician)
https://en.wikipedia.org/wiki/Nick_Tredennick
https://en.wikipedia.org/wiki/Howard_Rosenthal_(political_scientist)
https://en.wikipedia.org/wiki/Mike_Filey
https://en.wikipedia.org/wiki/Mincho_Todorov
https://en.wikipedia.org/wiki/Nicky_Moore
https://en.wikipedia.org/wiki/Brenda_Fisher
https://en.wikipedia.org/wiki/Paul_X._Rinn
https://en.wikipedia.org/wiki/Bruce_Grant_(writer)
https://en.wikipedia.org/wiki/Rodger_Doner
https://en.wikipedia.org/wiki/Susan_Whelchel
https://en.wikipedia.org/wiki/Clyde_Hendrick
https://en.wikipedia.org/wiki/Casper_Fischer
https://en.wikipedia.org/wiki/Doug_Curtin
https://en.wikipedia.org/wiki/Joaquim_Jesus_Vieira
https://en.wikipedia.org/wiki/Ian_Charleson_Hedge
https://en.wikipedia.org/wiki/Ralph_Halpern
https://en.wikipedia.org/wiki/Marc_Lapadula
https://en.wikipedia.org/wiki/Leo_Giacometto
https://en.wikipedia.org/wiki/Samu_(sunim)
https://en.wikipedia.org/wiki/Terrance_Dean
https://en.wikipedia.org/wiki/Pauline_Stroud
https://en.wikipedia.org/wiki/Mohamed_Huzam
https://en.wikipedia.org/wiki/John_Chris_Jones
https://en.wikipedia.org/wiki/Steve_Worster
https://en.wikipedia.org/wiki/Vinayak_Mete
https://en.wikipedia.org/wiki/Butch_Thompson
https://en.wikipedia.org/wiki/Gar_Baxter
https://en.wikipedia.org/wiki/Brian_O'Connor_(artist)
https://en.wikipedia.org/wiki/Anthony_Hunt
https://en.wikipedia.org/wiki/James_R._Rettig
https://en.wikipedia.org/wiki/Ellen_Leonard
https://en.wikipedia.org/wiki/Mark_Girouard
https://en.wikipedia.org/wiki/Per_Knutsen
https://en.wikipedia.org/wiki/Samar_Banerjee
https://en.wikipedia.org/wiki/Maurice_Kanbar
https://en.wikipedia.org/wiki/Donald_C._Thompson_(admiral)
https://en.wikipedia.org/wiki/Albert_E._Cowdrey
https://en.wikipedia.org/wiki/Kurt_Gottfried
https://en.wikipedia.org/wiki/Clyde_N._Baker_Jr.
https://en.wikipedia.org/wiki/Judy_Valentine
https://en.wikipedia.org/wiki/Elizabeth_Gunn_(author)
https://en.wikipedia.org/wiki/Eve_Borsook
https://en.wikipedia.org/wiki/Charles_Wilson_(journalist)
https://en.wikipedia.org/wiki/Sterling_Lord
https://en.wikipedia.org/wiki/Art_Rosenbaum
https://en.wikipedia.org/wiki/Robert_L._Vining_Jr.
https://en.wikipedia.org/wiki/Gazi_Mazharul_Anwar
https://en.wikipedia.org/wiki/Arthur_Cotton_Moore
https://en.wikipedia.org/wiki/Roy_Littlejohn
https://en.wikipedia.org/wiki/Shirley_McKechnie
https://en.wikipedia.org/wiki/Martin_Barker
https://en.wikipedia.org/wiki/John_O'Neill_(sociologist)
https://en.wikipedia.org/wiki/William_D._Hyslop
https://en.wikipedia.org/wiki/Feargus_Flood
https://en.wikipedia.org/wiki/Bubba_Monroe
https://en.wikipedia.org/wiki/Donald_Pigott
https://en.wikipedia.org/wiki/Michael_DeGroote
https://en.wikipedia.org/wiki/Adam_Kendon
https://en.wikipedia.org/wiki/Don_Marquis_(philosopher)
https://en.wikipedia.org/wiki/Dennis_Virkler
https://en.wikipedia.org/wiki/Norton_Mezvinsky
https://en.wikipedia.org/wiki/Jorma_Kuisma
https://en.wikipedia.org/wiki/Kelsang_Gyatso
https://en.wikipedia.org/wiki/Jeff_Weiss
https://en.wikipedia.org/wiki/Valerie_Maynard
https://en.wikipedia.org/wiki/Tom_Benner
https://en.wikipedia.org/wiki/Vernon_Burch
https://en.wikipedia.org/wiki/Isidro_Sala
https://en.wikipedia.org/wiki/Allan_M._Siegal
https://en.wikipedia.org/wiki/Meredith_Tax
https://en.wikipedia.org/wiki/Ranesh_Maitra
https://en.wikipedia.org/wiki/Brian_Catling
https://en.wikipedia.org/wiki/Stephanie_Dabney
https://en.wikipedia.org/wiki/Franklin_Odo
https://en.wikipedia.org/wiki/Hildred_Geertz
https://en.wikipedia.org/wiki/Toab_Khan
https://en.wikipedia.org/wiki/Raymond_Allen_(scriptwriter)
https://en.wikipedia.org/wiki/Pandurang_Raut
https://en.wikipedia.org/wiki/Pat_Baker_(lacrosse)
https://en.wikipedia.org/wiki/Shekhar_Joshi
https://en.wikipedia.org/wiki/Brenda_MacGibbon
https://en.wikipedia.org/wiki/Jorge_Lugo
https://en.wikipedia.org/wiki/Samarjit_Roy_Chowdhury
https://en.wikipedia.org/wiki/Richard_Bender
https://en.wikipedia.org/wiki/Subbu_Arumugam
https://en.wikipedia.org/wiki/William_March_(weightlifter)
https://en.wikipedia.org/wiki/Jack_Thiessen
https://en.wikipedia.org/wiki/Janice_Gates
https://en.wikipedia.org/wiki/Fred_Martin_(artist)
https://en.wikipedia.org/wiki/Reza_Roosta_Azad
https://en.wikipedia.org/wiki/Sheikh_Anne_Rahman
https://en.wikipedia.org/wiki/Charles_Sherrod
https://en.wikipedia.org/wiki/Kedar_Singh_Phonia
https://en.wikipedia.org/wiki/Margaret_Sumner
https://en.wikipedia.org/wiki/Manoj_Singh_Mandavi
https://en.wikipedia.org/wiki/Thomas_Cahill
https://en.wikipedia.org/wiki/Yoshiki_Hiki
https://en.wikipedia.org/wiki/Gus_Stavros
https://en.wikipedia.org/wiki/Tom_Emberton
https://en.wikipedia.org/wiki/Frank_Reid_(Canadian_football)
https://en.wikipedia.org/wiki/John_Ponsonby_(RAF_officer)
https://en.wikipedia.org/wiki/Robert_Nola
https://en.wikipedia.org/wiki/Thomas_Meade
https://en.wikipedia.org/wiki/Marta_Bunge
https://en.wikipedia.org/wiki/Nipon_Goswami
https://en.wikipedia.org/wiki/Ed_Argast
https://en.wikipedia.org/wiki/Mike_Davis_(scholar)
https://en.wikipedia.org/wiki/Bahaa_Taher
https://en.wikipedia.org/wiki/Calvin_O._Butts
https://en.wikipedia.org/wiki/Ted_Hayward
https://en.wikipedia.org/wiki/James_Giffen
https://en.wikipedia.org/wiki/Sammy_Wilson_(footballer,_born_1937)
https://en.wikipedia.org/wiki/Samuel_Katz_(pediatrician)
https://en.wikipedia.org/wiki/T._P._Rajeevan
https://en.wikipedia.org/wiki/Max_Maven
https://en.wikipedia.org/wiki/Colin_Irwin_(journalist)
https://en.wikipedia.org/wiki/David_Davis_(TV_producer)
https://en.wikipedia.org/wiki/Sidney_Mobell
https://en.wikipedia.org/wiki/Shyam_Saran_Negi
https://en.wikipedia.org/wiki/Jeremy_Davies_(exorcist)
https://en.wikipedia.org/wiki/Éamon_Phoenix
https://en.wikipedia.org/wiki/Shanghai_Kate_Hellenbrand
https://en.wikipedia.org/wiki/Steve_Braun_(politician)
https://en.wikipedia.org/wiki/Loren_Cameron
https://en.wikipedia.org/wiki/Bruce_L._Christensen
https://en.wikipedia.org/wiki/Albert_Nipon
https://en.wikipedia.org/wiki/Jay_Pasachoff
https://en.wikipedia.org/wiki/Michael_Feingold
https://en.wikipedia.org/wiki/Éamonn_Wallace
https://en.wikipedia.org/wiki/Betty_Ray_McCain
https://en.wikipedia.org/wiki/Patrick_Curtis_(producer)
https://en.wikipedia.org/wiki/Margaret_Hamilton_(publisher)
https://en.wikipedia.org/wiki/Karel_Oomen
https://en.wikipedia.org/wiki/Tim_Zuck
https://en.wikipedia.org/wiki/Chanoch_Ehrentreu
https://en.wikipedia.org/wiki/Jim_Cody
https://en.wikipedia.org/wiki/John_Heron_(social_scientist)
https://en.wikipedia.org/wiki/Ashley_Bickerton
https://en.wikipedia.org/wiki/J._C._Heywood
https://en.wikipedia.org/wiki/Gaddis_Smith
https://en.wikipedia.org/wiki/Andrew_Speight
https://en.wikipedia.org/wiki/Sonny_Holland
https://en.wikipedia.org/wiki/Danny_Goldring
https://en.wikipedia.org/wiki/Ann_MacIntosh_Duff
https://en.wikipedia.org/wiki/Patrick_Peacock
https://en.wikipedia.org/wiki/James_Alty
https://en.wikipedia.org/wiki/Hamish_Kilgour
https://en.wikipedia.org/wiki/S._A._Malek
https://en.wikipedia.org/wiki/Jim_Fosgate
https://en.wikipedia.org/wiki/Rubby_Opio_Aweri
https://en.wikipedia.org/wiki/David_J._A._Clines
https://en.wikipedia.org/wiki/Todor_Todorov_(gymnast)
https://en.wikipedia.org/wiki/George_Marinkovich
https://en.wikipedia.org/wiki/Christopher_Nigel_Page
https://en.wikipedia.org/wiki/John_Molyneux_(Trotskyist)
https://en.wikipedia.org/wiki/Tracy_Hitchings
https://en.wikipedia.org/wiki/Milton_Viorst
https://en.wikipedia.org/wiki/T._Radhakrishnan
https://en.wikipedia.org/wiki/Sheila_Russell
https://en.wikipedia.org/wiki/Sulamita_Aronovsky
https://en.wikipedia.org/wiki/Charlene_Mitchell
https://en.wikipedia.org/wiki/Robin_Ligus
https://en.wikipedia.org/wiki/Edward_Weldon
https://en.wikipedia.org/wiki/Steve_Brooks_(basketball)
https://en.wikipedia.org/wiki/Clyde_L._Reese
https://en.wikipedia.org/wiki/Sunday_Tuoyo
https://en.wikipedia.org/wiki/Albert_Reichmann
https://en.wikipedia.org/wiki/H._Norman_Abramson
https://en.wikipedia.org/wiki/Iraj_Etesam
https://en.wikipedia.org/wiki/Ladislav_Pazdera
https://en.wikipedia.org/wiki/James_R._Houghton
https://en.wikipedia.org/wiki/Paul_Ormonde
https://en.wikipedia.org/wiki/Tony_Barry
https://en.wikipedia.org/wiki/Gui_Yufang
https://en.wikipedia.org/wiki/Gary_Ridley
https://en.wikipedia.org/wiki/Martin_Ravallion
https://en.wikipedia.org/wiki/John_Howard_Sanden
https://en.wikipedia.org/wiki/John_H._McBryde
https://en.wikipedia.org/wiki/Alain_Bernheim
https://en.wikipedia.org/wiki/Blasco_Giurato
https://en.wikipedia.org/wiki/Victoria_Lee
https://en.wikipedia.org/wiki/Thad_Heartfield
https://en.wikipedia.org/wiki/Peter_Roussel
https://en.wikipedia.org/wiki/Subrata_Saha
https://en.wikipedia.org/wiki/Li_Jing_(PRC_general)
https://en.wikipedia.org/wiki/Karla_Wilson
https://en.wikipedia.org/wiki/Donald_Snyder_(general)
https://en.wikipedia.org/wiki/Horrie_Toole
https://en.wikipedia.org/wiki/Wang_Zhiliang_(translator)
https://en.wikipedia.org/wiki/Molly_Corbett_Broad
https://en.wikipedia.org/wiki/Andrew_Downes_(composer)
https://en.wikipedia.org/wiki/Amélie_Kuhrt
https://en.wikipedia.org/wiki/Laxman_Pandurang_Jagtap
https://en.wikipedia.org/wiki/Norman_Fruchter
https://en.wikipedia.org/wiki/Yang_Fuyu
https://en.wikipedia.org/wiki/Mike_Hill_(film_editor)
https://en.wikipedia.org/wiki/Vivian_Tomlinson_Williams
https://en.wikipedia.org/wiki/Ali_Reza_Ashrafi
https://en.wikipedia.org/wiki/Roy_Schwitters
https://en.wikipedia.org/wiki/Daniel_Lewis_Williams
https://en.wikipedia.org/wiki/He_Ping_(director)
https://en.wikipedia.org/wiki/Donald_Blom
https://en.wikipedia.org/wiki/Roy_Pierpoint
https://en.wikipedia.org/wiki/Mary_Rawcliffe
https://en.wikipedia.org/wiki/Narsingh_Deo
https://en.wikipedia.org/wiki/Brian_Tufano
https://en.wikipedia.org/wiki/Peter_W._Hutchins
https://en.wikipedia.org/wiki/Victoria_Chick
https://en.wikipedia.org/wiki/Miyuki_Ueta
https://en.wikipedia.org/wiki/Tom_Corcoran_(writer)
https://en.wikipedia.org/wiki/Helen_Arnold_(politician)
https://en.wikipedia.org/wiki/Gilles_Beyer
https://en.wikipedia.org/wiki/Jim_Bradbury
https://en.wikipedia.org/wiki/Ted_Bell
https://en.wikipedia.org/wiki/Harjit_Singh_Arora
https://en.wikipedia.org/wiki/Peter_Millar_(journalist)
https://en.wikipedia.org/wiki/Ravipudi_Venkatadri
https://en.wikipedia.org/wiki/Sal_Piro
https://en.wikipedia.org/wiki/Jean_Anderson_(cookbook_author)
https://en.wikipedia.org/wiki/Mira_Lehr
https://en.wikipedia.org/wiki/Bob_Young_(American_football_coach)
https://en.wikipedia.org/wiki/George_Magoha
https://en.wikipedia.org/wiki/Li_Wenjun
https://en.wikipedia.org/wiki/Albert_Okura
https://en.wikipedia.org/wiki/Michael_Heller_(businessman)
https://en.wikipedia.org/wiki/Cleve_Bryant
https://en.wikipedia.org/wiki/Jürgen_Flimm
https://en.wikipedia.org/wiki/Irving_Stern
https://en.wikipedia.org/wiki/Dan_Suleiman
https://en.wikipedia.org/wiki/Susan_Duhan_Felix
https://en.wikipedia.org/wiki/Hilda_Adefarasin
https://en.wikipedia.org/wiki/Eugene_Lee_(designer)
https://en.wikipedia.org/wiki/Gerardo_Cavallieri
https://en.wikipedia.org/wiki/B._K._S._Varma
https://en.wikipedia.org/wiki/Steve_Woodmore
https://en.wikipedia.org/wiki/Bong_Kee_Chok
https://en.wikipedia.org/wiki/Tunku_Abdul_Aziz
https://en.wikipedia.org/wiki/Richard_Kell_(poet)
https://en.wikipedia.org/wiki/Fritz_Enskat
https://en.wikipedia.org/wiki/Robbyanto_Budiman
https://en.wikipedia.org/wiki/David_Singmaster
https://en.wikipedia.org/wiki/Afternoon_Deelites
https://en.wikipedia.org/wiki/Al_Jacks
https://en.wikipedia.org/wiki/Gunnar_Heinsohn
https://en.wikipedia.org/wiki/George_T._Miller
https://en.wikipedia.org/wiki/Norman_Zide
https://en.wikipedia.org/wiki/Augie_Nieto
https://en.wikipedia.org/wiki/José_Lei
https://en.wikipedia.org/wiki/Mohd_Kamal_Hassan
https://en.wikipedia.org/wiki/Michael_Blackwood_(filmmaker)
https://en.wikipedia.org/wiki/Jerry_Olson
https://en.wikipedia.org/wiki/Tony_Scherman
https://en.wikipedia.org/wiki/Awesome_Feather
https://en.wikipedia.org/wiki/Charles_Harrington_Elster
https://en.wikipedia.org/wiki/Neela_Ramgopal
https://en.wikipedia.org/wiki/John_Stobart
https://en.wikipedia.org/wiki/Dane_Lanken
https://en.wikipedia.org/wiki/Camille_Souter
https://en.wikipedia.org/wiki/Lou_Stovall
https://en.wikipedia.org/wiki/Dave_Wills_(sportscaster)
https://en.wikipedia.org/wiki/Ahuva_Sherman
https://en.wikipedia.org/wiki/Tom_Van_Sant
https://en.wikipedia.org/wiki/Y_C_McNease
https://en.wikipedia.org/wiki/Grace_Onyango
https://en.wikipedia.org/wiki/Ken_Wagner
https://en.wikipedia.org/wiki/David_Bottoms
https://en.wikipedia.org/wiki/William_G._Johnsson
https://en.wikipedia.org/wiki/Ayşegül_Sarıca
https://en.wikipedia.org/wiki/Donald_Hinds
https://en.wikipedia.org/wiki/Geoffrey_Allen_(chemist)
https://en.wikipedia.org/wiki/Peter_Day_(broadcaster)
https://en.wikipedia.org/wiki/James_Goldrick
https://en.wikipedia.org/wiki/Ray_Solari
https://en.wikipedia.org/wiki/Alastair_Lamb
https://en.wikipedia.org/wiki/Charity_Scott
https://en.wikipedia.org/wiki/Shamim_Sikder
https://en.wikipedia.org/wiki/Thomas_P._Lowry
https://en.wikipedia.org/wiki/Walter_Kintsch
https://en.wikipedia.org/wiki/Arley_McNeney
https://en.wikipedia.org/wiki/Moosa_Moolla
https://en.wikipedia.org/wiki/Howie_Kane
https://en.wikipedia.org/wiki/Maria_Rosa_Antognazza
https://en.wikipedia.org/wiki/Jocelyn_Morlock
https://en.wikipedia.org/wiki/Jimmy_Gray_(GAA)
https://en.wikipedia.org/wiki/Jacques_Cossette-Trudel
https://en.wikipedia.org/wiki/Vivan_Sundaram
https://en.wikipedia.org/wiki/Sujan_Singh_Bundela
https://en.wikipedia.org/wiki/Bruce_A._Fuhrer
https://en.wikipedia.org/wiki/John_S._Greenspan
https://en.wikipedia.org/wiki/Raghavan_Iyer_(chef)
https://en.wikipedia.org/wiki/Alan_W._Partin
https://en.wikipedia.org/wiki/Wan_Haifeng
https://en.wikipedia.org/wiki/David_Finfer
https://en.wikipedia.org/wiki/Kwame_Brathwaite
https://en.wikipedia.org/wiki/Trần_Quang_Khôi
https://en.wikipedia.org/wiki/Cui_Naifu
https://en.wikipedia.org/wiki/Lowell_S._Brown
https://en.wikipedia.org/wiki/Daylami
https://en.wikipedia.org/wiki/Jim_McKeever
https://en.wikipedia.org/wiki/Kalamandalam_Devaki
https://en.wikipedia.org/wiki/Steve_H._Murdock
https://en.wikipedia.org/wiki/Bob_Heatlie
https://en.wikipedia.org/wiki/Edward_L._Rissien
https://en.wikipedia.org/wiki/Deborah_Brown
https://en.wikipedia.org/wiki/Jere_L._Bacharach
https://en.wikipedia.org/wiki/Jane_Davis_Doggett
https://en.wikipedia.org/wiki/Alan_Frost
https://en.wikipedia.org/wiki/Louis_Gaskin
https://en.wikipedia.org/wiki/Jeffrey_Burton_Russell
https://en.wikipedia.org/wiki/Heinrich_Köberle
https://en.wikipedia.org/wiki/Paul_Aizley
https://en.wikipedia.org/wiki/Kanithi_Viswanatham
https://en.wikipedia.org/wiki/Darryl_Lenox
https://en.wikipedia.org/wiki/Víctor_Marrero_Padilla
https://en.wikipedia.org/wiki/Alfonso_Araújo_Cotes
https://en.wikipedia.org/wiki/Ronald_R._Thomas
https://en.wikipedia.org/wiki/Alfred_L._Goldberg
https://en.wikipedia.org/wiki/Shahidul_Haque_Khan
https://en.wikipedia.org/wiki/Evan_Jones_(writer)
https://en.wikipedia.org/wiki/Martin_Petzold
https://en.wikipedia.org/wiki/Emily_Meggett
https://en.wikipedia.org/wiki/Roy_Tuckman
https://en.wikipedia.org/wiki/Ivan_Moscovich
https://en.wikipedia.org/wiki/Ted_Richards_(artist)
https://en.wikipedia.org/wiki/John_O'Sullivan_(cyclist)
https://en.wikipedia.org/wiki/Dale_Meeks
https://en.wikipedia.org/wiki/Emanuel_V._Soriano
https://en.wikipedia.org/wiki/Dick_Towers
https://en.wikipedia.org/wiki/David_E._Carter
https://en.wikipedia.org/wiki/Alton_H._Maddox_Jr.
https://en.wikipedia.org/wiki/Mike_Pride_(writer)
https://en.wikipedia.org/wiki/Dick_Chrobak
https://en.wikipedia.org/wiki/Dominic_Kwiatkowski
https://en.wikipedia.org/wiki/Too_Too
https://en.wikipedia.org/wiki/Zhang_Jihui
https://en.wikipedia.org/wiki/Martyn_Gough
https://en.wikipedia.org/wiki/Adam_Brace
https://en.wikipedia.org/wiki/Rod_Kedward
https://en.wikipedia.org/wiki/Robson_Gracie
https://en.wikipedia.org/wiki/Patricia_Hamilton
https://en.wikipedia.org/wiki/Dennis_Reid
https://en.wikipedia.org/wiki/Stewart_Harris
https://en.wikipedia.org/wiki/Iain_Johnstone
https://en.wikipedia.org/wiki/Bill_Mondt
https://en.wikipedia.org/wiki/Bruce_McCall
https://en.wikipedia.org/wiki/Ian_Witten
https://en.wikipedia.org/wiki/Derek_Keating
https://en.wikipedia.org/wiki/Brian_Warner_(astronomer)
https://en.wikipedia.org/wiki/K._Patricia_Cross
https://en.wikipedia.org/wiki/Jan_Klein
https://en.wikipedia.org/wiki/Mohan_Maharishi
https://en.wikipedia.org/wiki/Nurul_Islam_(economist)
https://en.wikipedia.org/wiki/Martha_Zelt
https://en.wikipedia.org/wiki/Fanta_Singhateh
https://en.wikipedia.org/wiki/Tommy_Hays
https://en.wikipedia.org/wiki/Rahmatollah_Khosravi
https://en.wikipedia.org/wiki/Carl_Yankowski
https://en.wikipedia.org/wiki/Deborra_Hope
https://en.wikipedia.org/wiki/Cyril_Agodi_Onwumechili
https://en.wikipedia.org/wiki/Maria_Mies
https://en.wikipedia.org/wiki/Marion_Rothman
https://en.wikipedia.org/wiki/Marge_Summit
https://en.wikipedia.org/wiki/Bill_Perkins_(politician)
https://en.wikipedia.org/wiki/Dick_Nourse
https://en.wikipedia.org/wiki/Creative_Force
https://en.wikipedia.org/wiki/Subomi_Balogun
https://en.wikipedia.org/wiki/Kathryn_Jones_Harrison
https://en.wikipedia.org/wiki/Andrew_Burke_(poet)
https://en.wikipedia.org/wiki/Tim_Keller_(pastor)
https://en.wikipedia.org/wiki/George_E._Bemi
https://en.wikipedia.org/wiki/Ning_Cai_(engineer)
https://en.wikipedia.org/wiki/Kalanisi
https://en.wikipedia.org/wiki/Flemensfirth
https://en.wikipedia.org/wiki/Hans_Bosse
https://en.wikipedia.org/wiki/Graham_Knuttel
https://en.wikipedia.org/wiki/Stephen_Waddams
https://en.wikipedia.org/wiki/Jessie_Maple
https://en.wikipedia.org/wiki/Bill_McGovern_(American_football)
https://en.wikipedia.org/wiki/Gurdial_Singh_(mountaineer)
https://en.wikipedia.org/wiki/Michael_Viney
https://en.wikipedia.org/wiki/Mina_Pandey
https://en.wikipedia.org/wiki/Gene_Rogers
https://en.wikipedia.org/wiki/Gabi_Tolkowsky
https://en.wikipedia.org/wiki/Jim_Melchert
https://en.wikipedia.org/wiki/Marta_Zabaleta
https://en.wikipedia.org/wiki/W._J._Gobrecht
https://en.wikipedia.org/wiki/Zola_Dabula
https://en.wikipedia.org/wiki/George_Winston
https://en.wikipedia.org/wiki/Robert_J._O'Conor_Jr.
https://en.wikipedia.org/wiki/Phyllis_W._McQuaid
https://en.wikipedia.org/wiki/Lim_Kean_Chye
https://en.wikipedia.org/wiki/Ivan_Menezes
https://en.wikipedia.org/wiki/Riaz_Haider
https://en.wikipedia.org/wiki/Charles_Elworthy_(scientist)
https://en.wikipedia.org/wiki/Esme_Harris
https://en.wikipedia.org/wiki/Muhammed_Gwady
https://en.wikipedia.org/wiki/Michael_Shirima
https://en.wikipedia.org/wiki/A._Mangalam
https://en.wikipedia.org/wiki/Park_Je-chun
https://en.wikipedia.org/wiki/Simpson_Kalisher
https://en.wikipedia.org/wiki/Luisa_Gándara
https://en.wikipedia.org/wiki/George_Leslie_(politician)
https://en.wikipedia.org/wiki/Mavis_Cheek
https://en.wikipedia.org/wiki/K._R._Parthasarathy_(probabilist)
https://en.wikipedia.org/wiki/Noriko_Kamakura
https://en.wikipedia.org/wiki/Geoffrey_Stevens_(journalist)
https://en.wikipedia.org/wiki/Cameron_Buchanan_(politician)
https://en.wikipedia.org/wiki/Mohammad-Reza_Ashtiani_Araghi
https://en.wikipedia.org/wiki/Saundra_Graham
https://en.wikipedia.org/wiki/Malcolm_Mowbray
https://en.wikipedia.org/wiki/Tony_Halmshaw
https://en.wikipedia.org/wiki/Taufa_Vakatale
https://en.wikipedia.org/wiki/Manny_the_Frenchie
https://en.wikipedia.org/wiki/Raj_Karan_Singh
https://en.wikipedia.org/wiki/Peg_Yorkin
https://en.wikipedia.org/wiki/Alice_Cleveland
https://en.wikipedia.org/wiki/Tom_Beynon_(Canadian_football)
https://en.wikipedia.org/wiki/Daniel_N._Paul
https://en.wikipedia.org/wiki/Charles_T._Knight
https://en.wikipedia.org/wiki/Lawrence_W._Jones
https://en.wikipedia.org/wiki/Betty_Jane_Long
https://en.wikipedia.org/wiki/Ron_Pretty
https://en.wikipedia.org/wiki/Lord_Creator
https://en.wikipedia.org/wiki/Iyabo_Oko
https://en.wikipedia.org/wiki/Christopher_H._Sterling
https://en.wikipedia.org/wiki/John_Berylson
https://en.wikipedia.org/wiki/Anne_Klinck
https://en.wikipedia.org/wiki/Tarun_Chatterjee
https://en.wikipedia.org/wiki/Yvonne_Littlewood
https://en.wikipedia.org/wiki/K._Ravindranathan_Nair
https://en.wikipedia.org/wiki/Colin_Spencer
https://en.wikipedia.org/wiki/Michael_Bakewell
https://en.wikipedia.org/wiki/Sam_Cutler
https://en.wikipedia.org/wiki/Mel_Wakabayashi
https://en.wikipedia.org/wiki/Torleiv_Maseng
https://en.wikipedia.org/wiki/Alfred_Thomas_Grove
https://en.wikipedia.org/wiki/August_Moon
https://en.wikipedia.org/wiki/An_Yin
https://en.wikipedia.org/wiki/Stu_Silver
https://en.wikipedia.org/wiki/Raoul_Kopelman
https://en.wikipedia.org/wiki/Jerry_Bradley_(music_executive)
https://en.wikipedia.org/wiki/John_P._Monahan
https://en.wikipedia.org/wiki/Romain_Winding
https://en.wikipedia.org/wiki/Jayant_Savarkar
https://en.wikipedia.org/wiki/Sherry_Ayittey
https://en.wikipedia.org/wiki/Stewart_Cameron_(nephrologist)
https://en.wikipedia.org/wiki/Carol_Duvall
https://en.wikipedia.org/wiki/Wes_Nisker
https://en.wikipedia.org/wiki/Harry_G._Sperling
https://en.wikipedia.org/wiki/Robbie_Shepherd
https://en.wikipedia.org/wiki/Tom_Costelloe_(Duagh_Gaelic_footballer)
https://en.wikipedia.org/wiki/Irma_Brenman_Pick
https://en.wikipedia.org/wiki/Bram_Moolenaar
https://en.wikipedia.org/wiki/Melvin_George_Talbert
https://en.wikipedia.org/wiki/Bambi_Harper
https://en.wikipedia.org/wiki/Harvey_Meyerhoff
https://en.wikipedia.org/wiki/Gaddar
https://en.wikipedia.org/wiki/Toussaint_McCall
https://en.wikipedia.org/wiki/Allen_Parducci
https://en.wikipedia.org/wiki/Doreen_Mantle
https://en.wikipedia.org/wiki/Giora_Romm
https://en.wikipedia.org/wiki/Judith_Ann_McKenzie
https://en.wikipedia.org/wiki/Elías_López_Sobá
https://en.wikipedia.org/wiki/Gérard_Diffloth
https://en.wikipedia.org/wiki/Pierre_Alféri
https://en.wikipedia.org/wiki/Harris_Mann
https://en.wikipedia.org/wiki/Robert_Ekelund
https://en.wikipedia.org/wiki/Phạm_Quốc_Thuần
https://en.wikipedia.org/wiki/Ellen_Malos
https://en.wikipedia.org/wiki/Carlos_Pérez_(radiation_oncologist)
https://en.wikipedia.org/wiki/Peter_Buchanan_(architect)
https://en.wikipedia.org/wiki/Norman_Pfeiffer
https://en.wikipedia.org/wiki/Barbara_Rossi_(artist)
https://en.wikipedia.org/wiki/Tony_Roberts_(sportscaster)
https://en.wikipedia.org/wiki/Hans_Büchi
https://en.wikipedia.org/wiki/Stanley_Simon
https://en.wikipedia.org/wiki/Denyse_Plummer
https://en.wikipedia.org/wiki/Carl_C._Johnson
https://en.wikipedia.org/wiki/Jamie_Crick
https://en.wikipedia.org/wiki/Don_Valento
https://en.wikipedia.org/wiki/Steve_Crump
https://en.wikipedia.org/wiki/Peter_Olds
https://en.wikipedia.org/wiki/Alwyn_Davies
https://en.wikipedia.org/wiki/Terry_Dempsey
https://en.wikipedia.org/wiki/John_F._C._Turner
https://en.wikipedia.org/wiki/Patricia_McNulty
https://en.wikipedia.org/wiki/Pierre_Camu
https://en.wikipedia.org/wiki/Ajit_Ninan
https://en.wikipedia.org/wiki/David_Black_(sculptor)
https://en.wikipedia.org/wiki/Yuan_Renguo
https://en.wikipedia.org/wiki/Hal_Nerdal
https://en.wikipedia.org/wiki/Dedi_Graucher
https://en.wikipedia.org/wiki/Dione_Venables
https://en.wikipedia.org/wiki/Robert_Addison_Day
https://en.wikipedia.org/wiki/Marc_Simmons
https://en.wikipedia.org/wiki/Harris_Mayer
https://en.wikipedia.org/wiki/Peter_W._Mullin
https://en.wikipedia.org/wiki/Linda_Cardozo
https://en.wikipedia.org/wiki/Jeff_Ragsdale
https://en.wikipedia.org/wiki/Ced_Gyles
https://en.wikipedia.org/wiki/William_B._Russel
https://en.wikipedia.org/wiki/Sabina_Citron
https://en.wikipedia.org/wiki/Hıfzı_Topuz
https://en.wikipedia.org/wiki/Dom_Famularo
https://en.wikipedia.org/wiki/Fayez_Rashid
https://en.wikipedia.org/wiki/John_Roncz
https://en.wikipedia.org/wiki/Michael_Flynn_(writer)
https://en.wikipedia.org/wiki/James_Jorden
https://en.wikipedia.org/wiki/Marina_Mizzau
https://en.wikipedia.org/wiki/Hampton_Smith
https://en.wikipedia.org/wiki/Thomas_Gambino
https://en.wikipedia.org/wiki/Vincent_Patrick
https://en.wikipedia.org/wiki/Steven_Lutvak
https://en.wikipedia.org/wiki/Jeff_Burr
https://en.wikipedia.org/wiki/Loren_Parks
https://en.wikipedia.org/wiki/Ghulam_Nabi_Khayal
https://en.wikipedia.org/wiki/Colette_Rossant
https://en.wikipedia.org/wiki/Edward_Bleier
https://en.wikipedia.org/wiki/Hershel_Jick
https://en.wikipedia.org/wiki/Dave_Puddington
https://en.wikipedia.org/wiki/Judy_Balaban
https://en.wikipedia.org/wiki/Robert_M._Carmack
https://en.wikipedia.org/wiki/Pat_Nicol
https://en.wikipedia.org/wiki/Jeffrey_A._Bader
https://en.wikipedia.org/wiki/Mike_Lashuk
https://en.wikipedia.org/wiki/Lionel_Balagalle
https://en.wikipedia.org/wiki/Marion_Lerner-Levine
https://en.wikipedia.org/wiki/Vivian_Cobbe
https://en.wikipedia.org/wiki/Bob_Duckworth_(speedway_rider)
https://en.wikipedia.org/wiki/Esther_T._Mookini
https://en.wikipedia.org/wiki/Daisy_Lee_Bitter
https://en.wikipedia.org/wiki/Paride_Taban
https://en.wikipedia.org/wiki/Ann_Schlee
https://en.wikipedia.org/wiki/Bob_Bugden
https://en.wikipedia.org/wiki/Colin_Smith_(lepidopterist)
https://en.wikipedia.org/wiki/L._C._Gordon
https://en.wikipedia.org/wiki/Pat_E._Johnson
https://en.wikipedia.org/wiki/Ron_Anton
https://en.wikipedia.org/wiki/Alfred_L._Bush
https://en.wikipedia.org/wiki/Arthur_Simon
https://en.wikipedia.org/wiki/Sandy_Farina
https://en.wikipedia.org/wiki/Prithvi_Raj_Singh_Oberoi
https://en.wikipedia.org/wiki/Thành_Được
https://en.wikipedia.org/wiki/Ann_Rachlin
https://en.wikipedia.org/wiki/Erich_Schutt
https://en.wikipedia.org/wiki/Irene_N._Watts
https://en.wikipedia.org/wiki/Gabe_Hudson
https://en.wikipedia.org/wiki/Heinz_Dürr
https://en.wikipedia.org/wiki/Luwellyn_Landers
https://en.wikipedia.org/wiki/Jan_Plamper
https://en.wikipedia.org/wiki/Stanley_Graham_(psychologist)
https://en.wikipedia.org/wiki/David_Colander
https://en.wikipedia.org/wiki/Charles_Officer
https://en.wikipedia.org/wiki/John_Poston_(politician)
https://en.wikipedia.org/wiki/Ennio_Candotti
https://en.wikipedia.org/wiki/Michael_H._Stone
https://en.wikipedia.org/wiki/Pierre_Berthelot
https://en.wikipedia.org/wiki/Charles_A._Legge
https://en.wikipedia.org/wiki/Phil_Cooley
https://en.wikipedia.org/wiki/James_P._Dunleavy
https://en.wikipedia.org/wiki/Johari_Amini
https://en.wikipedia.org/wiki/William_G._Connolly
https://en.wikipedia.org/wiki/Albert_Stone
https://en.wikipedia.org/wiki/Clyde_Berry
https://en.wikipedia.org/wiki/Jayanta_Das
https://en.wikipedia.org/wiki/Amp_Fiddler
https://en.wikipedia.org/wiki/Bryan_Thomas_(architect)
https://en.wikipedia.org/wiki/Robert_Harland
https://en.wikipedia.org/wiki/James_Weldishofer
https://en.wikipedia.org/wiki/Len_Cella
https://en.wikipedia.org/wiki/Naomi_Feil
https://en.wikipedia.org/wiki/Ngethe_Njoroge
https://en.wikipedia.org/wiki/Bobby_Rivers
https://en.wikipedia.org/wiki/Michael_Kwabena_Ntumy
https://en.wikipedia.org/wiki/Joseph_Berger_(sociologist)
https://en.wikipedia.org/wiki/Mick_Wheble
https://en.wikipedia.org/wiki/Susan_Campbell_(illustrator_and_author)
https://en.wikipedia.org/wiki/Charles_O._Jones
https://en.wikipedia.org/wiki/Ved_Prakash_Nanda
https://en.wikipedia.org/wiki/John_Cress
https://en.wikipedia.org/wiki/Alexis_Smith_(artist)
https://en.wikipedia.org/wiki/Elliott_D._Kieff
https://en.wikipedia.org/wiki/Nancy_Adler
https://en.wikipedia.org/wiki/Willie_Bethea
https://en.wikipedia.org/wiki/John_Scales_Avery
https://en.wikipedia.org/wiki/Robie_Harris
https://en.wikipedia.org/wiki/Charles_E._Johnson_(government_official)
https://en.wikipedia.org/wiki/Tofy_Mussivand
https://en.wikipedia.org/wiki/Guy_Bonnet
https://en.wikipedia.org/wiki/Richard_Wallace_(bishop)
https://en.wikipedia.org/wiki/Benton_Johnson
https://en.wikipedia.org/wiki/Bob_Eberle
https://en.wikipedia.org/wiki/Richard_T._Schlosberg
https://en.wikipedia.org/wiki/Tom_Tait_(volleyball)
https://en.wikipedia.org/wiki/Elke_Solomon
https://en.wikipedia.org/wiki/Tian_Zengpei
https://en.wikipedia.org/wiki/Mo_Henry
https://en.wikipedia.org/wiki/Hussein_Madi
https://en.wikipedia.org/wiki/Don_Ihde
https://en.wikipedia.org/wiki/The_Soft_Moon
https://en.wikipedia.org/wiki/Robert_Whitman
https://en.wikipedia.org/wiki/Judith_Campisi
https://en.wikipedia.org/wiki/Richard_Lucero
https://en.wikipedia.org/wiki/Tony_Gardiner
https://en.wikipedia.org/wiki/Sigmund_R._Petersen
https://en.wikipedia.org/wiki/Helen_Corey
https://en.wikipedia.org/wiki/Ronnie_Joyner
https://en.wikipedia.org/wiki/Vinod_Neb
https://en.wikipedia.org/wiki/Michael_Trcic
https://en.wikipedia.org/wiki/Robert_Wade_(watercolour_artist)
https://en.wikipedia.org/wiki/Anthony_Lamb_(botanist)
https://en.wikipedia.org/wiki/Chang_Chuan-chiung
https://en.wikipedia.org/wiki/Wilhelmenia_Fernandez
https://en.wikipedia.org/wiki/Joel_Belz
https://en.wikipedia.org/wiki/John_Walker_(programmer)
https://en.wikipedia.org/wiki/Nora_(cat)
https://en.wikipedia.org/wiki/Jack_M._Guttentag
https://en.wikipedia.org/wiki/Carl_Iwasaki
https://en.wikipedia.org/wiki/Chris_Markoff
https://en.wikipedia.org/wiki/Sergio_Mantegazza
https://en.wikipedia.org/wiki/Luce_Pietri
https://en.wikipedia.org/wiki/Roeland_Nolte
https://en.wikipedia.org/wiki/Efeso_Collins
https://en.wikipedia.org/wiki/Jay_Cimino
https://en.wikipedia.org/wiki/Dimitar_Dimitrov_(gymnast)
https://en.wikipedia.org/wiki/Pilar_Gonzalbo_Aizpuru
https://en.wikipedia.org/wiki/Paul_Reiss
https://en.wikipedia.org/wiki/Odd_Selmer
https://en.wikipedia.org/wiki/Morris_Overstreet
https://en.wikipedia.org/wiki/Sidsel_Mørck
https://en.wikipedia.org/wiki/Ray_Grenald
https://en.wikipedia.org/wiki/Mitsuko_Tabe
https://en.wikipedia.org/wiki/Alta_(poet)
https://en.wikipedia.org/wiki/Greg_Hyatt
https://en.wikipedia.org/wiki/Yong_Soon_Min
https://en.wikipedia.org/wiki/Paul_Nelson_(musician)
https://en.wikipedia.org/wiki/George_Garrett_(broadcaster)
https://en.wikipedia.org/wiki/Pearse_McAuley
https://en.wikipedia.org/wiki/Jean_Breaux
https://en.wikipedia.org/wiki/Clemens_Starck
https://en.wikipedia.org/wiki/Richard_W._Conway
https://en.wikipedia.org/wiki/Larry_J._Young
https://en.wikipedia.org/wiki/Bronco_Lane
https://en.wikipedia.org/wiki/George_Bruce_(bishop)
https://en.wikipedia.org/wiki/Roberta_Karmel
https://en.wikipedia.org/wiki/Mike_Thaler
https://en.wikipedia.org/wiki/Zahra_Shojaei
https://en.wikipedia.org/wiki/M._D._Bright
https://en.wikipedia.org/wiki/Bill_Neal
https://en.wikipedia.org/wiki/Len_Skowronski
https://en.wikipedia.org/wiki/Joan_Hollobon
https://en.wikipedia.org/wiki/Harry_Lee_Hudspeth
https://en.wikipedia.org/wiki/Anne_Innis_Dagg
https://en.wikipedia.org/wiki/Edward_Ryder
https://en.wikipedia.org/wiki/Yorick_Blumenfeld
https://en.wikipedia.org/wiki/Lori_and_George_Schappell
https://en.wikipedia.org/wiki/Sheila_Isham
https://en.wikipedia.org/wiki/Alasdair_Macintosh_Geddes
https://en.wikipedia.org/wiki/Harry_Marcoplos
https://en.wikipedia.org/wiki/Vincent_Friell
https://en.wikipedia.org/wiki/Calvin_Keys
https://en.wikipedia.org/wiki/Clorofila
https://en.wikipedia.org/wiki/Jean-Marie_Haessle
https://en.wikipedia.org/wiki/Christopher_Joll
https://en.wikipedia.org/wiki/Robert_Oxnam
https://en.wikipedia.org/wiki/Larry_Page_(singer)
https://en.wikipedia.org/wiki/Sam_Winningham
https://en.wikipedia.org/wiki/Robin_M._Hogarth
https://en.wikipedia.org/wiki/Pete_Woolley
https://en.wikipedia.org/wiki/Victor_Fuentealba
https://en.wikipedia.org/wiki/Tony_Felloni
https://en.wikipedia.org/wiki/Robin_George
https://en.wikipedia.org/wiki/Doug_Oldford
https://en.wikipedia.org/wiki/Dave_O'Sullivan_(horse_trainer)
https://en.wikipedia.org/wiki/Marina_Vishmidt
https://en.wikipedia.org/wiki/Joe_Thomas_(producer)
https://en.wikipedia.org/wiki/Lesley_Hazleton
https://en.wikipedia.org/wiki/Robert_Martin_(disability_rights_activist)
https://en.wikipedia.org/wiki/Tibor_Hollo
https://en.wikipedia.org/wiki/J._George_Mikelsons
https://en.wikipedia.org/wiki/Han_Zhenxiang
https://en.wikipedia.org/wiki/Thurley_Fowler
https://en.wikipedia.org/wiki/Ignatius_Jones
https://en.wikipedia.org/wiki/Brian_Phelan
https://en.wikipedia.org/wiki/Julio_Salazar
https://en.wikipedia.org/wiki/Frank_P._Simoneaux
https://en.wikipedia.org/wiki/John_Barnard_Bush
https://en.wikipedia.org/wiki/Clive_Johnstone
https://en.wikipedia.org/wiki/David_Redden
https://en.wikipedia.org/wiki/Diane_Deans
https://en.wikipedia.org/wiki/Frederic_J._Brown_III
https://en.wikipedia.org/wiki/James_Hubbell_(artist)
https://en.wikipedia.org/wiki/Mohammad_Ali_Ale-Hashem
https://en.wikipedia.org/wiki/Ellis_Douek
https://en.wikipedia.org/wiki/Fran_Rooney
https://en.wikipedia.org/wiki/Ralph_Chapoteau
https://en.wikipedia.org/wiki/John_E._Hales_Jr.
https://en.wikipedia.org/wiki/H._Bruce_Franklin
https://en.wikipedia.org/wiki/Mark_Gormley
https://en.wikipedia.org/wiki/Cynthia_DeFelice
https://en.wikipedia.org/wiki/Kabosu_(dog)
https://en.wikipedia.org/wiki/Paul_Paviour
https://en.wikipedia.org/wiki/Bertien_van_Manen
https://en.wikipedia.org/wiki/Gerald_Dawe
https://en.wikipedia.org/wiki/Mansour_Seck
https://en.wikipedia.org/wiki/Mitchell_Block
https://en.wikipedia.org/wiki/Manjur_Hossain
https://en.wikipedia.org/wiki/Richard_Bawden
https://en.wikipedia.org/wiki/Elvedin_Begić
https://en.wikipedia.org/wiki/Natasha_Ryan
https://en.wikipedia.org/wiki/Ben_Vautier
https://en.wikipedia.org/wiki/Mark_James_(songwriter)
https://en.wikipedia.org/wiki/William_Carragan
https://en.wikipedia.org/wiki/Earl_Taylor
https://en.wikipedia.org/wiki/John_Wilmerding
https://en.wikipedia.org/wiki/Shay_Youngblood
https://en.wikipedia.org/wiki/Jorge_Luque_(cyclist)
https://en.wikipedia.org/wiki/Laurence_Gluck
https://en.wikipedia.org/wiki/Ada_F._Kay
https://en.wikipedia.org/wiki/Cynthia_Shepard_Perry
https://en.wikipedia.org/wiki/Guy_Warren_(artist)
https://en.wikipedia.org/wiki/Johnny_Canales
https://en.wikipedia.org/wiki/Trygve_Reenskaug
https://en.wikipedia.org/wiki/Arvind_(computer_scientist)
https://en.wikipedia.org/wiki/Ricardo_M._Urbina
https://en.wikipedia.org/wiki/Claudia_Williams_(artist)
https://en.wikipedia.org/wiki/Jamie_Kellner
https://en.wikipedia.org/wiki/Richard_Goldstein_(astronomer)
https://en.wikipedia.org/wiki/Paul_Stein_(judge)
https://en.wikipedia.org/wiki/John_Cheetham_(composer)
https://en.wikipedia.org/wiki/Nathaniel_Tarn
https://en.wikipedia.org/wiki/Aldo_Manos
https://en.wikipedia.org/wiki/McKim_Marriott
https://en.wikipedia.org/wiki/Bushwacker_(bull)
https://en.wikipedia.org/wiki/Karl_Jaffary
https://en.wikipedia.org/wiki/June_Leaf
https://en.wikipedia.org/wiki/Rodrigo_Raineri
https://en.wikipedia.org/wiki/Robert_A._Corrigan
https://en.wikipedia.org/wiki/Sydney_Kirkby_(explorer)
https://en.wikipedia.org/wiki/Ana_Šomlo
https://en.wikipedia.org/wiki/James_R._Tallon
https://en.wikipedia.org/wiki/Grace_Eiko_Thomson
https://en.wikipedia.org/wiki/Jan_Cych
https://en.wikipedia.org/wiki/J._Saul_Kane
https://en.wikipedia.org/wiki/Bob_Booker_(writer)
https://en.wikipedia.org/wiki/Alex_Janvier
https://en.wikipedia.org/wiki/Funso_Aiyejina
https://en.wikipedia.org/wiki/Judy_Alter
https://en.wikipedia.org/wiki/Kenneth_Heilman
https://en.wikipedia.org/wiki/Nabih_Youssef
https://en.wikipedia.org/wiki/Manfred_Kirchheimer
https://en.wikipedia.org/wiki/Leo_McAdam
https://en.wikipedia.org/wiki/Olga_Ramos_Peña
https://en.wikipedia.org/wiki/Edward_A._Panelli
https://en.wikipedia.org/wiki/Beauregarde_(wrestler)
https://en.wikipedia.org/wiki/Wolfgang_Smith
https://en.wikipedia.org/wiki/Devon_(rapper)
https://en.wikipedia.org/wiki/Mel_Ramsden
https://en.wikipedia.org/wiki/Dick_Asher
https://en.wikipedia.org/wiki/Herb_O'Driscoll
https://en.wikipedia.org/wiki/Cynthia_Griffin_Wolff
https://en.wikipedia.org/wiki/John_Rickard_(historian)
https://en.wikipedia.org/wiki/Frank_Chiarelli
https://en.wikipedia.org/wiki/Floyd_Layne
https://en.wikipedia.org/wiki/Lisa_Westcott
https://en.wikipedia.org/wiki/Raymond_Desfossés
https://en.wikipedia.org/wiki/Lionel_Crawford
https://en.wikipedia.org/wiki/George_Schenck
https://en.wikipedia.org/wiki/Jean_Battlo
https://en.wikipedia.org/wiki/Ross_Terrill
https://en.wikipedia.org/wiki/Barbara_Moraff
https://en.wikipedia.org/wiki/Keiichi_Tanaami
https://en.wikipedia.org/wiki/Simon_Verity
https://en.wikipedia.org/wiki/Meyer_Kotkin
https://en.wikipedia.org/wiki/Kim_Kahana
https://en.wikipedia.org/wiki/Tony_Blackman
https://en.wikipedia.org/wiki/Charles_Hughes_(football_manager)
https://en.wikipedia.org/wiki/Fritz_Von_Goering
https://en.wikipedia.org/wiki/Jeremy_Gilbert-Rolfe
https://en.wikipedia.org/wiki/Charis_Eng
https://en.wikipedia.org/wiki/Kevin_Parsons_(politician)
https://en.wikipedia.org/wiki/Landon_Jones
https://en.wikipedia.org/wiki/K._C._Potter
https://en.wikipedia.org/wiki/Jack_Zussman
https://en.wikipedia.org/wiki/Ronald_Shusett
https://en.wikipedia.org/wiki/Noel_Parmentel
https://en.wikipedia.org/wiki/Merle_Parkes
https://en.wikipedia.org/wiki/Keisuke_Tsunoda
https://en.wikipedia.org/wiki/Bernie_Mireault
https://en.wikipedia.org/wiki/Michael_McDonald_(costume_designer)
https://en.wikipedia.org/wiki/Walter_G._Ehmer
https://en.wikipedia.org/wiki/Timothy_Hyman
https://en.wikipedia.org/wiki/Slavo_Kukić
https://en.wikipedia.org/wiki/Bud_Irving
https://en.wikipedia.org/wiki/James_S._Clegg
https://en.wikipedia.org/wiki/Maxwell_McCombs
https://en.wikipedia.org/wiki/Jann_Darlyn
https://en.wikipedia.org/wiki/Bud_Muehleisen
https://en.wikipedia.org/wiki/Robert_F._Titus
https://en.wikipedia.org/wiki/Reinhard_Hartmann
https://en.wikipedia.org/wiki/Brenda_Fajardo
https://en.wikipedia.org/wiki/Barbara_C._Pringle
https://en.wikipedia.org/wiki/Harold_D._Guither
https://en.wikipedia.org/wiki/Sehat_Sutardja
https://en.wikipedia.org/wiki/Roy_Clay
https://en.wikipedia.org/wiki/Walter_Bainbridge
https://en.wikipedia.org/wiki/Ren_Jianxin
https://en.wikipedia.org/wiki/Enid_MacRobbie
https://en.wikipedia.org/wiki/Richard_Dyer_(music_critic)
https://en.wikipedia.org/wiki/James_Cox_(journalist)
https://en.wikipedia.org/wiki/Giacinto_Scoles
https://en.wikipedia.org/wiki/Warren_Bickel
https://en.wikipedia.org/wiki/Johnny_W._Floyd
https://en.wikipedia.org/wiki/David_Burnham
https://en.wikipedia.org/wiki/Megan_Marshack
https://en.wikipedia.org/wiki/Bruce_Peloquin
https://en.wikipedia.org/wiki/Dan_Coughlin_(sportscaster)
https://en.wikipedia.org/wiki/Joseph_Giarratano
https://en.wikipedia.org/wiki/John_Arthur_Smith
https://en.wikipedia.org/wiki/Werner_Merzbacher
https://en.wikipedia.org/wiki/Michel_Boyibanda
https://en.wikipedia.org/wiki/J._J._Jeffrey
https://en.wikipedia.org/wiki/Jerzy_Lewandowski
https://en.wikipedia.org/wiki/James_T._Vaughn_Jr.
https://en.wikipedia.org/wiki/Dante_Simbulan_Sr.
https://en.wikipedia.org/wiki/Ken_Wolf
https://en.wikipedia.org/wiki/Mahendra_Singh_Sodha
https://en.wikipedia.org/wiki/Tina_Kaidanow
https://en.wikipedia.org/wiki/Ollie_Olsen
https://en.wikipedia.org/wiki/George_A._Bekey
https://en.wikipedia.org/wiki/Simon_Fieschi
https://en.wikipedia.org/wiki/Alicia_Henry
https://en.wikipedia.org/wiki/Ellie_G._Shuler_Jr.
https://en.wikipedia.org/wiki/Vadiveloo_Govindasamy
https://en.wikipedia.org/wiki/Sim_Van_der_Ryn
https://en.wikipedia.org/wiki/Paul_V._Marshall
https://en.wikipedia.org/wiki/Hama_Amadou
https://en.wikipedia.org/wiki/Gary_Indiana
https://en.wikipedia.org/wiki/Duncan_de_Kergommeaux
https://en.wikipedia.org/wiki/Roy_W._Menninger
https://en.wikipedia.org/wiki/Ian_Stephenson_(curator)
https://en.wikipedia.org/wiki/Tipu_Aziz
https://en.wikipedia.org/wiki/Rohini_Godbole
https://en.wikipedia.org/wiki/Dominique_Lyone
https://en.wikipedia.org/wiki/Justin_L._Quackenbush
https://en.wikipedia.org/wiki/Yaakov_Turner
https://en.wikipedia.org/wiki/Phil_Rickman
https://en.wikipedia.org/wiki/Hafiz_Alam_Sairani
https://en.wikipedia.org/wiki/Amos_Utuama
https://en.wikipedia.org/wiki/Mack_Daughtry
https://en.wikipedia.org/wiki/Fay_Marles
https://en.wikipedia.org/wiki/Christopher_Bruell
https://en.wikipedia.org/wiki/David_P._Farrington
https://en.wikipedia.org/wiki/Asot_Michael
https://en.wikipedia.org/wiki/Elizabeth_Nunez
https://en.wikipedia.org/wiki/Felice_D._Gaer
https://en.wikipedia.org/wiki/Sergio_Los
https://en.wikipedia.org/wiki/J._Reginald_Murphy
https://en.wikipedia.org/wiki/Manfred_Niekisch
https://en.wikipedia.org/wiki/Ken_Gill_(rugby_league)
https://en.wikipedia.org/wiki/Samuelu_Teo
https://en.wikipedia.org/wiki/Frances_Strong
https://en.wikipedia.org/wiki/Jim_Knaub
https://en.wikipedia.org/wiki/ʻAna_Taufeʻulungaki
https://en.wikipedia.org/wiki/Nancy_Petry_(artist)
https://en.wikipedia.org/wiki/Beyza_Bilgin
https://en.wikipedia.org/wiki/Don_Fuell
https://en.wikipedia.org/wiki/Aída_Judith_León
https://en.wikipedia.org/wiki/Ronald_Everson
https://en.wikipedia.org/wiki/Alice_Brock
https://en.wikipedia.org/wiki/Sandra_Brown_(cricketer)
https://en.wikipedia.org/wiki/Cyndy_Szekeres
https://en.wikipedia.org/wiki/Helen_Hughes_(botanist)
https://en.wikipedia.org/wiki/James_E._Ulland
https://en.wikipedia.org/wiki/Howard_W._Peak
https://en.wikipedia.org/wiki/Kanta_Saroop_Krishen
https://en.wikipedia.org/wiki/Anna_Banana
https://en.wikipedia.org/wiki/Padre_Irala
https://en.wikipedia.org/wiki/Mildred_C._Crump
https://en.wikipedia.org/wiki/David_Ratcliff_(priest)
https://en.wikipedia.org/wiki/Gilberto_Mendonça_Teles
https://en.wikipedia.org/wiki/Andy_Stepp
https://en.wikipedia.org/wiki/Theo_van_de_Klundert
https://en.wikipedia.org/wiki/Gérard_Bessière
https://en.wikipedia.org/wiki/Alan_Young_(lawyer)
https://en.wikipedia.org/wiki/Bobby_Morrison_(American_football)
https://en.wikipedia.org/wiki/Jack_Hennessy_(politician)
https://en.wikipedia.org/wiki/Will_Arnott
https://en.wikipedia.org/wiki/Alastair_Salvesen
https://en.wikipedia.org/wiki/Melissa_Freeman
https://en.wikipedia.org/wiki/Lee_Edwards
https://en.wikipedia.org/wiki/Dan_Coulter
https://en.wikipedia.org/wiki/Rachel_Dror
https://en.wikipedia.org/wiki/Ankaralı_Turgut
https://en.wikipedia.org/wiki/Alexandra_Zaharias
https://en.wikipedia.org/wiki/Aziza_Barnes
https://en.wikipedia.org/wiki/Thomas_Berly
https://en.wikipedia.org/wiki/Patricia_Johnson_(mezzo-soprano)
https://en.wikipedia.org/wiki/June_Kreuzer
https://en.wikipedia.org/wiki/Tsuneo_Watanabe
https://en.wikipedia.org/wiki/Murray_H._Goodman
https://en.wikipedia.org/wiki/Eduard_Kuznetsov_(dissident)
https://en.wikipedia.org/wiki/Alan_Senauke
https://en.wikipedia.org/wiki/Marie_Winn
https://en.wikipedia.org/wiki/Jack_Bond_(director)
https://en.wikipedia.org/wiki/Paul_D._Cronin
https://en.wikipedia.org/wiki/David_B._Rivkin
https://en.wikipedia.org/wiki/Jagnula_Kunovska
https://en.wikipedia.org/wiki/Dax_Pierson
https://en.wikipedia.org/wiki/Ouanes_Amor
https://en.wikipedia.org/wiki/Diana_Scarisbrick
https://en.wikipedia.org/wiki/A.D.O.R.
https://en.wikipedia.org/wiki/Pádraig_Ó_Snodaigh
https://en.wikipedia.org/wiki/Amit_Yoran
https://en.wikipedia.org/wiki/John_Wijngaards
https://en.wikipedia.org/wiki/Y._Michal_Bodemann
https://en.wikipedia.org/wiki/John_S._Hunkin
https://en.wikipedia.org/wiki/Leo_Segedin
https://en.wikipedia.org/wiki/Floyd_E._Bloom
https://en.wikipedia.org/wiki/Abe_Bekker
https://en.wikipedia.org/wiki/Mangkra_Souvanna_Phouma
https://en.wikipedia.org/wiki/Tom_Osthoff
https://en.wikipedia.org/wiki/Malcolm_Jones_Howard
https://en.wikipedia.org/wiki/Eliseo_Alcon
https://en.wikipedia.org/wiki/Niel_Barnard
https://en.wikipedia.org/wiki/Nello_Altomare
https://en.wikipedia.org/wiki/Giovanni_Cavagna
https://en.wikipedia.org/wiki/Mike_Miller_(guitarist)
https://en.wikipedia.org/wiki/George_A._Tice
https://en.wikipedia.org/wiki/Aaron_De_Groft
https://en.wikipedia.org/wiki/Edward_L._Bowen
https://en.wikipedia.org/wiki/Renina_Katz
https://en.wikipedia.org/wiki/Barry_Michael_Cooper
https://en.wikipedia.org/wiki/Nicholas_Eadie
https://en.wikipedia.org/wiki/Carey_Harrison
https://en.wikipedia.org/wiki/Appunni_Tharakan
https://en.wikipedia.org/wiki/Jane_McGarrigle
https://en.wikipedia.org/wiki/Michael_Glaser
https://en.wikipedia.org/wiki/David_A._Washburn
https://en.wikipedia.org/wiki/Anthony_J._DeMaria
https://en.wikipedia.org/wiki/Matthew_Holden
https://en.wikipedia.org/wiki/Joseph_Bernal
https://en.wikipedia.org/wiki/Norbert_(dog)
https://en.wikipedia.org/wiki/Frederick_Ahl
https://en.wikipedia.org/wiki/Frank_Fingland
https://en.wikipedia.org/wiki/Richard_R._Nelson
https://en.wikipedia.org/wiki/Elisabeth_Niggemeyer
https://en.wikipedia.org/wiki/David_Hill_(rugby_league)
https://en.wikipedia.org/wiki/Ian_Maddieson
https://en.wikipedia.org/wiki/Katsuko_Nishimoto
https://en.wikipedia.org/wiki/Kandiah_Balendra
https://en.wikipedia.org/wiki/Karshan_Solanki
https://en.wikipedia.org/wiki/María_Lourdes_Ruiz
https://en.wikipedia.org/wiki/Jeanette_W._Hyde
https://en.wikipedia.org/wiki/Michael_Coleman_(hurler)
https://en.wikipedia.org/wiki/Benny_Chastain
https://en.wikipedia.org/wiki/Raosaheb_Rangnath_Borade
https://en.wikipedia.org/wiki/Kay_Smith_(artist)
https://en.wikipedia.org/wiki/Al_Valdes
https://en.wikipedia.org/wiki/Rod_Burstall
https://en.wikipedia.org/wiki/Leo_Monahan_(artist)
https://en.wikipedia.org/wiki/M._Paul_Friedberg
https://en.wikipedia.org/wiki/Itch_Jones
https://en.wikipedia.org/wiki/Josh_Christy
https://en.wikipedia.org/wiki/Marion_Meadmore
https://en.wikipedia.org/wiki/Niles_Nelson
https://en.wikipedia.org/wiki/Hughen_Riley
https://en.wikipedia.org/wiki/Lawrence_S._Cunningham
https://en.wikipedia.org/wiki/David_Hughes_(Somerset_cricketer)
https://en.wikipedia.org/wiki/Ken_Parker_(musician)
https://en.wikipedia.org/wiki/John_Fordtran
https://en.wikipedia.org/wiki/Jeong_Su-il
https://en.wikipedia.org/wiki/Ricardo_Kanji
https://en.wikipedia.org/wiki/Richard_Pierard
https://en.wikipedia.org/wiki/Bryn_Griffiths_(writer)
https://en.wikipedia.org/wiki/Shotsie_Gorman
https://en.wikipedia.org/wiki/Jack_Morneau
https://en.wikipedia.org/wiki/Kjartan_Rødland
https://en.wikipedia.org/wiki/George_Nicholson_(sailor)
https://en.wikipedia.org/wiki/Richard_Marable
https://en.wikipedia.org/wiki/Flo_Fox
https://en.wikipedia.org/wiki/Tom_Farer
https://en.wikipedia.org/wiki/Donald_L._Bryant_Jr.
https://en.wikipedia.org/wiki/Felicia_Minei_Behr
https://en.wikipedia.org/wiki/Woo_Chia-wei
https://en.wikipedia.org/wiki/Brian_Windley
https://en.wikipedia.org/wiki/Rachel_Herbert
https://en.wikipedia.org/wiki/Charles_Tart
https://en.wikipedia.org/wiki/Carmen_Vazquez_Rivera
https://en.wikipedia.org/wiki/Jeffrey_Kaplan_(academic)
https://en.wikipedia.org/wiki/Kathan_Brown
https://en.wikipedia.org/wiki/Alain_Jaubert
https://en.wikipedia.org/wiki/Fang_Weizhong
https://en.wikipedia.org/wiki/Fred_Eversley
https://en.wikipedia.org/wiki/The_Mad_Peck
https://en.wikipedia.org/wiki/Gordon_H._Brown
https://en.wikipedia.org/wiki/Marty_Callner
https://en.wikipedia.org/wiki/Hafiz_Hussain_Ahmed
https://en.wikipedia.org/wiki/Bob_Davis_(sportscaster)
https://en.wikipedia.org/wiki/Costa_Gazi
https://en.wikipedia.org/wiki/Graham_Flight
https://en.wikipedia.org/wiki/H._Rutherford_Turnbull
https://en.wikipedia.org/wiki/Fabrizio_Di_Somma
https://en.wikipedia.org/wiki/John_Kirby_(artist)
https://en.wikipedia.org/wiki/Alan_Cuckston
https://en.wikipedia.org/wiki/Joe_Goode
https://en.wikipedia.org/wiki/Paul_Petts
https://en.wikipedia.org/wiki/Steve_Charnovitz
https://en.wikipedia.org/wiki/Dean_L._Hubbard
https://en.wikipedia.org/wiki/Gene_Mangan
https://en.wikipedia.org/wiki/Hans_Baumann_(inventor)
https://en.wikipedia.org/wiki/Alastair_Niven
https://en.wikipedia.org/wiki/Brad_Holland_(artist)
https://en.wikipedia.org/wiki/Joan_Brown_Campbell
https://en.wikipedia.org/wiki/Karen_Shaw
https://en.wikipedia.org/wiki/Shelly_Kappe
https://en.wikipedia.org/wiki/Benny_Kotsoane
https://en.wikipedia.org/wiki/Don_Moon_(educator)
https://en.wikipedia.org/wiki/Ataullah_Hafezzi
https://en.wikipedia.org/wiki/Ravikumar_(actor)
https://en.wikipedia.org/wiki/Connie_Zehr
https://en.wikipedia.org/wiki/Birger_Vestermo
https://en.wikipedia.org/wiki/Peter_Geiger
https://en.wikipedia.org/wiki/Sami_Zubaida
https://en.wikipedia.org/wiki/Joseph_Grodin
https://en.wikipedia.org/wiki/Edith_Nawakwi
https://en.wikipedia.org/wiki/Elspeth_Probyn
https://en.wikipedia.org/wiki/Carl-Göran_Ekerwald
https://en.wikipedia.org/wiki/Douglas_John_Hall
https://en.wikipedia.org/wiki/Rosemary_Candlin
https://en.wikipedia.org/wiki/Joe_Eaton_(footballer)
https://en.wikipedia.org/wiki/Clifford_Lynch
https://en.wikipedia.org/wiki/Vic_Allred
https://en.wikipedia.org/wiki/Shamsunnahar_Khwaja_Ahsanullah
https://en.wikipedia.org/wiki/Bank_Janardhan
https://en.wikipedia.org/wiki/Joseph_Csatari
https://en.wikipedia.org/wiki/Bob_Bennett_(bishop)
https://en.wikipedia.org/wiki/Seán_Murphy_(Gaelic_footballer)
https://en.wikipedia.org/wiki/Ita_Aber
https://en.wikipedia.org/wiki/Billy_Young_(footballer)
https://en.wikipedia.org/wiki/Herbert_Migdoll
https://en.wikipedia.org/wiki/George_Lee_(dancer)
https://en.wikipedia.org/wiki/Angela_Lemaire
https://en.wikipedia.org/wiki/Charles_Beare
https://en.wikipedia.org/wiki/James_Cacheris
https://en.wikipedia.org/wiki/Bernard_Garfield
https://en.wikipedia.org/wiki/Ben_Harbin
https://en.wikipedia.org/wiki/Seán_Sherwin
https://en.wikipedia.org/wiki/Sholom_Lipskar
https://en.wikipedia.org/wiki/Paul_Van_Hoeydonck
https://en.wikipedia.org/wiki/Maurice_Vile
https://en.wikipedia.org/wiki/Betty_Krawczyk
https://en.wikipedia.org/wiki/Ana_Pellicer
https://en.wikipedia.org/wiki/Timo_Järvinen
https://en.wikipedia.org/wiki/Subbanna_Ayyappan
https://en.wikipedia.org/wiki/Louis_Diaz
https://en.wikipedia.org/wiki/Yasunao_Tone
https://en.wikipedia.org/wiki/Tapas_Kumar_Saha
https://en.wikipedia.org/wiki/Judith_Copithorne
https://en.wikipedia.org/wiki/Gordon_Baldwin
https://en.wikipedia.org/wiki/Lynn_Amedee
https://en.wikipedia.org/wiki/Anne_Merriman
https://en.wikipedia.org/wiki/Norma_Meras_Swenson
https://en.wikipedia.org/wiki/Douglas_Chamberlain
https://en.wikipedia.org/wiki/James_Lowe_(musician)
https://en.wikipedia.org/wiki/Sacha_Jenkins
https://en.wikipedia.org/wiki/W._Anthony_Park
https://en.wikipedia.org/wiki/Stan_Atkinson
https://en.wikipedia.org/wiki/Motarilavoa_Hilda_Lin̄i
https://en.wikipedia.org/wiki/Cathy_Hudgins
https://en.wikipedia.org/wiki/Harrison_Ruffin_Tyler
https://en.wikipedia.org/wiki/Peter_Smith_(computer_scientist)
https://en.wikipedia.org/wiki/Vicki_Goldberg
https://en.wikipedia.org/wiki/George_Annas
https://en.wikipedia.org/wiki/Kim_R._Gibson
https://en.wikipedia.org/wiki/Deborah_Pellow
https://en.wikipedia.org/wiki/Tshenuwani_Farisani
https://en.wikipedia.org/wiki/Mohammed_Said_Hersi_Morgan
https://en.wikipedia.org/wiki/H._S._Venkateshamurthy
https://en.wikipedia.org/wiki/Jay_Wynne
https://en.wikipedia.org/wiki/Frank_L._Ridley
https://en.wikipedia.org/wiki/Gordon_R._Hall
https://en.wikipedia.org/wiki/Eduardo_Gageiro
https://en.wikipedia.org/wiki/Jibril_Aminu
https://en.wikipedia.org/wiki/Mike_Eghan
https://en.wikipedia.org/wiki/Graham_Gund
https://en.wikipedia.org/wiki/Bill_McKinney_(footballer)
https://en.wikipedia.org/wiki/Doug_Skaff
https://en.wikipedia.org/wiki/David_Bindman
https://en.wikipedia.org/wiki/James_Fankhauser
https://en.wikipedia.org/wiki/Cyril_Hazard
https://en.wikipedia.org/wiki/Vanich_Chaiyawan
https://en.wikipedia.org/wiki/Roger_Haight
https://en.wikipedia.org/wiki/James_Leprino
https://en.wikipedia.org/wiki/David_Boyle_(author)
https://en.wikipedia.org/wiki/Raymond_Laflamme
https://en.wikipedia.org/wiki/Helen_De_Cruz
https://en.wikipedia.org/wiki/Gerardo_Chávez
https://en.wikipedia.org/wiki/Gabor_B._Racz
https://en.wikipedia.org/wiki/Adolfo_Olivares
https://en.wikipedia.org/wiki/Chester_Weger
https://en.wikipedia.org/wiki/Bill_Tate_(American_football)
https://en.wikipedia.org/wiki/Michael_Toner_(journalist)
https://en.wikipedia.org/wiki/Richard_A._Boucher
https://en.wikipedia.org/wiki/Hans-Joachim_Queisser
https://en.wikipedia.org/wiki/Charles_Wilkins_(chemist)
https://en.wikipedia.org/wiki/Luis_Germán_Cajiga
https://en.wikipedia.org/wiki/Aminu_Dantata
https://en.wikipedia.org/wiki/Chandler_Atwood
https://en.wikipedia.org/wiki/William_C._Rogers_III
https://en.wikipedia.org/wiki/David_Fenwick_Wilson
https://en.wikipedia.org/wiki/Mickey_MacConnell
https://en.wikipedia.org/wiki/Donald_Gray_(priest)
https://en.wikipedia.org/wiki/Jürgen_Schornagel
https://en.wikipedia.org/wiki/Alexander_F._Schilt
https://en.wikipedia.org/wiki/Martha_K._Schwebach
https://en.wikipedia.org/wiki/D._Cameron_Findlay
https://en.wikipedia.org/wiki/Claude_Wendell_Horton_Jr.
https://en.wikipedia.org/wiki/Samuel_Abt
https://en.wikipedia.org/wiki/Ammar_Bakdash
https://en.wikipedia.org/wiki/Sol_Stern
https://en.wikipedia.org/wiki/Saul_Cordero
https://en.wikipedia.org/wiki/Robert_A._Funk
https://en.wikipedia.org/wiki/Robert_W._Fuller
https://en.wikipedia.org/wiki/Jack_McAuliffe_(brewer)
https://en.wikipedia.org/wiki/Pınar_Kür
https://en.wikipedia.org/wiki/Victor_McElheny
https://en.wikipedia.org/wiki/Percy_Barnevik
https://en.wikipedia.org/wiki/Mary_Vingoe
https://en.wikipedia.org/wiki/Ross_Rowland
https://en.wikipedia.org/wiki/Lalrintluanga_Sailo
https://en.wikipedia.org/wiki/John_Stevens_(scholar)
https://en.wikipedia.org/wiki/Donald_Soffer
https://en.wikipedia.org/wiki/Berle_M._Schiller
https://en.wikipedia.org/wiki/Chris_Doyle_(artist)
https://en.wikipedia.org/wiki/Shelly_Zegart
https://en.wikipedia.org/wiki/Amalia_Macías
https://en.wikipedia.org/wiki/Michael_Ochs
https://en.wikipedia.org/wiki/Obafemi_Lasode
https://en.wikipedia.org/wiki/P._J._Marshall
https://en.wikipedia.org/wiki/Léonard_Dutz
https://en.wikipedia.org/wiki/Edward_O'Grady
https://en.wikipedia.org/wiki/Iftiquar_Uddin_Talukder_Pintu
https://en.wikipedia.org/wiki/Bonnie_D._Parkin
https://en.wikipedia.org/wiki/Joseph_Ziegler_(actor)
https://en.wikipedia.org/wiki/William_K._Brehm
https://en.wikipedia.org/wiki/Chris_Riley_(priest)
https://en.wikipedia.org/wiki/John_Robert_Middlemas
https://en.wikipedia.org/wiki/George_Morrison_(documentary_maker)
https://en.wikipedia.org/wiki/Joseph_Daley_(jazz_musician)
https://en.wikipedia.org/wiki/Anthony_Irvine_Adams
https://en.wikipedia.org/wiki/Rajat_Kanta_Ray
https://en.wikipedia.org/wiki/John_Laband
https://en.wikipedia.org/wiki/Calvin_Seerveld
https://en.wikipedia.org/wiki/Ives_Goddard
https://en.wikipedia.org/wiki/Dale_Webster
https://en.wikipedia.org/wiki/John_F._Brady_(politician)
https://en.wikipedia.org/wiki/Erich_Redman
https://en.wikipedia.org/wiki/Thomas_P._Costin_Jr.
https://en.wikipedia.org/wiki/Hemanta_Dutta
https://en.wikipedia.org/wiki/Hefin_David
https://en.wikipedia.org/wiki/Norma_Eagleton
https://en.wikipedia.org/wiki/Mathias_Grassow
https://en.wikipedia.org/wiki/William_Glen_(geologist)
https://en.wikipedia.org/wiki/Dawie_Snyman
https://en.wikipedia.org/wiki/Catherine_Galliford
https://en.wikipedia.org/wiki/April_Hickox
https://en.wikipedia.org/wiki/Moselio_Schaechter
https://en.wikipedia.org/wiki/Walter_Swennen
https://en.wikipedia.org/wiki/Ted_Grossman
https://en.wikipedia.org/wiki/Dan_Tana
https://en.wikipedia.org/wiki/Starling_Lawrence
https://en.wikipedia.org/wiki/Stephen_Muss
https://en.wikipedia.org/wiki/Irene_C._Peden
https://en.wikipedia.org/wiki/Nandi_Nyembe
https://en.wikipedia.org/wiki/Tommy_Hamilton
https://en.wikipedia.org/wiki/Joseph_I._Castro
https://en.wikipedia.org/wiki/James_Mosley
https://en.wikipedia.org/wiki/Atis_Monteiro
https://en.wikipedia.org/wiki/Charlie_Walton
https://en.wikipedia.org/wiki/G._A._Moore
https://en.wikipedia.org/wiki/Patricia_Lieb
https://en.wikipedia.org/wiki/Robert_Grosvenor_(artist)
https://en.wikipedia.org/wiki/Ras_Sheehama
https://en.wikipedia.org/wiki/Sandra_Caron
https://en.wikipedia.org/wiki/Minasse_Haile
https://en.wikipedia.org/wiki/Ana_Vidjen
https://en.wikipedia.org/wiki/Edward_Ormondroyd
https://en.wikipedia.org/wiki/Jill_Godmilow
https://en.wikipedia.org/wiki/Franklin_Southworth
https://en.wikipedia.org/wiki/Marian_Burros
https://en.wikipedia.org/wiki/David_Hirst_(journalist)
https://en.wikipedia.org/wiki/Josephine_Keegan
https://en.wikipedia.org/wiki/Jack_Flaherty_(politician)
https://en.wikipedia.org/wiki/Carl_Reese_(American_football)
https://en.wikipedia.org/wiki/Jeffrey_Alfred_Legum
https://en.wikipedia.org/wiki/Michèle_Burke
https://en.wikipedia.org/wiki/Clyde_A._Hutchison_III
https://en.wikipedia.org/wiki/Gerfried_Hodschar
https://en.wikipedia.org/wiki/John_Dougherty_(rugby_league)
https://en.wikipedia.org/wiki/Ray_Lane_(sportscaster)
https://en.wikipedia.org/wiki/Vojislav_Simić
https://en.wikipedia.org/wiki/Alan_McDonald_(minister)
https://en.wikipedia.org/wiki/Nobuo_Kubota
https://en.wikipedia.org/wiki/Takako_Saito
https://en.wikipedia.org/wiki/Edward_J._Kennedy
https://en.wikipedia.org/wiki/Jerry_Tokofsky
https://en.wikipedia.org/wiki/Pushpak_Bhattacharyya
https://en.wikipedia.org/wiki/David_Ratford
https://en.wikipedia.org/wiki/Dinny_Lowry
https://en.wikipedia.org/wiki/Baron_Wormser
https://en.wikipedia.org/wiki/Eve_Zaremba
https://en.wikipedia.org/wiki/Sarwar_Jahan_Nizam
https://en.wikipedia.org/wiki/Frank_Wimberley
https://en.wikipedia.org/wiki/Earl_C._Haag
https://en.wikipedia.org/wiki/Rustam_Akhmedov
https://en.wikipedia.org/wiki/Tony_Fitzpatrick_(artist)
https://en.wikipedia.org/wiki/Bruce_Saville_(businessman)
https://en.wikipedia.org/wiki/Saeed_Mozaffari
https://en.wikipedia.org/wiki/Eileen_Harris
https://en.wikipedia.org/wiki/Ed_Moloney
https://en.wikipedia.org/wiki/Morton_Kaish
https://en.wikipedia.org/wiki/Robert_R._Chase
https://en.wikipedia.org/wiki/Ken_Riley_(priest)
https://en.wikipedia.org/wiki/Carol_Hurd_Green
https://en.wikipedia.org/wiki/Steven_Moss_(American_author)
https://en.wikipedia.org/wiki/Tim_Tackett
https://en.wikipedia.org/wiki/Ellen_Bryant_Voigt
https://en.wikipedia.org/wiki/Andy_Hinson
https://en.wikipedia.org/wiki/John_Sweeny_(judge)
https://en.wikipedia.org/wiki/Richard_P._Guy
https://en.wikipedia.org/wiki/J._D._King_(artist)
https://en.wikipedia.org/wiki/Ruth_Thorne-Thomsen
https://en.wikipedia.org/wiki/Gavin_McKiddie
https://en.wikipedia.org/wiki/Adam_Greenberg_(cinematographer)
https://en.wikipedia.org/wiki/Marina_Yee
https://en.wikipedia.org/wiki/Lorena_Mirambell
https://en.wikipedia.org/wiki/Ronald_Ian_Cheffins
https://en.wikipedia.org/wiki/Gerard_Somer
https://en.wikipedia.org/wiki/Jay_Stein
https://en.wikipedia.org/wiki/Stanislaus_Kennedy
https://en.wikipedia.org/wiki/Don_Robinson_(British_businessman)
https://en.wikipedia.org/wiki/Harvey_Ferrero
https://en.wikipedia.org/wiki/Susan_Skerman
https://en.wikipedia.org/wiki/Imkong_L._Imchen
https://en.wikipedia.org/wiki/Susanna_Gross
https://en.wikipedia.org/wiki/Steve_Kurtz
https://en.wikipedia.org/wiki/Jim_Jarrett
https://en.wikipedia.org/wiki/John_Eklund_Jr.
https://en.wikipedia.org/wiki/Franklin_Sonn
https://en.wikipedia.org/wiki/Bill_Brady_(journalist)
https://en.wikipedia.org/wiki/Herb_Cox
https://en.wikipedia.org/wiki/Edward_L._Cochran
https://en.wikipedia.org/wiki/Jeff_Burkhart
https://en.wikipedia.org/wiki/Ronald_Grossarth-Maticek
https://en.wikipedia.org/wiki/Iris_Peterson
https://en.wikipedia.org/wiki/Anneli_Aejmelaeus
https://en.wikipedia.org/wiki/Paul_Mwazha
https://en.wikipedia.org/wiki/David_Rusk
https://en.wikipedia.org/wiki/David_M._Malone
https://en.wikipedia.org/wiki/Sam_E._Haddon
https://en.wikipedia.org/wiki/Gentildonna
https://en.wikipedia.org/wiki/Andrew_Lauder_(music_executive)
https://en.wikipedia.org/wiki/Holly_Wright
https://en.wikipedia.org/wiki/Michael_Turner_(illustrator)
https://en.wikipedia.org/wiki/Darwin_Deason
https://en.wikipedia.org/wiki/James_H._Payne
https://en.wikipedia.org/wiki/Budoy_Marabiles
https://en.wikipedia.org/wiki/Jonah_Kinigstein
https://en.wikipedia.org/wiki/Simone_Tata
https://en.wikipedia.org/wiki/Christine_Choy
https://en.wikipedia.org/wiki/Eddie_Thornton
https://en.wikipedia.org/wiki/Jeff_Wexler
https://en.wikipedia.org/wiki/Wang_Bingqian
https://en.wikipedia.org/wiki/Keith_Suter
https://en.wikipedia.org/wiki/Ken_Greatorex
https://en.wikipedia.org/wiki/Manny_Guerra
https://en.wikipedia.org/wiki/Barry_Martin
https://en.wikipedia.org/wiki/Sarath_Chandrasiri_Muthukumarana
https://en.wikipedia.org/wiki/Robert_Goodman_(psychiatrist)
https://en.wikipedia.org/wiki/Wilma_M._Sherrill
https://en.wikipedia.org/wiki/Robert_Mnuchin
https://en.wikipedia.org/wiki/Peter_Nwaoboshi
https://en.wikipedia.org/wiki/George_Cowden
https://en.wikipedia.org/wiki/Shalini_Patil
https://en.wikipedia.org/wiki/Peng_Peiyun
https://en.wikipedia.org/wiki/Gathie_Falk
https://en.wikipedia.org/wiki/Aggrey_Burke
https://en.wikipedia.org/wiki/Tom_Maentz
https://en.wikipedia.org/wiki/Vincent_Lardo
https://en.wikipedia.org/wiki/Ada_Balcácer
https://en.wikipedia.org/wiki/Jonathan_Powell_(musician)
https://en.wikipedia.org/wiki/Rhoda_Billings
https://en.wikipedia.org/wiki/Thomas_W._Bradshaw
https://en.wikipedia.org/wiki/Jerry_Bledsoe
https://en.wikipedia.org/wiki/Harvey_Pratt
https://en.wikipedia.org/wiki/Gillian_Wagner
